Loaded 3382_T.npy: 4918 points
Loaded 4519_T.npy: 4918 points
Loaded 6501_T.npy: 4918 points
Loaded 6758_T.npy: 4918 points
Loaded 7203_T.npy: 4918 points
Loaded 7974_T.npy: 4918 points
Loaded 8306_T.npy: 4918 points
Loaded 9432_T.npy: 4918 points
Loaded 9984_T.npy: 4918 points
Loaded IDX_N225.npy: 4887 points
Total sliding windows: 1339
Train: 1005 samples, Val: 334 samples
Loading model from: model
Froze first 17 of 20 transformer layers
Total params: 231,289,280 | Trainable params: 64,081,360 (27.7%)
Using AdamW optimizer (lr=0.0001, weight_decay=0.01)
Gradient accumulation: 16 steps (effective batch = 128)
LR scheduler: cosine with 5-epoch warmup
  Epoch 1 step 10/126 | loss=0.013542 lr=0.00e+00
  Epoch 1 step 20/126 | loss=0.025381 lr=2.86e-06
  Epoch 1 step 30/126 | loss=0.028525 lr=2.86e-06
  Epoch 1 step 40/126 | loss=0.016775 lr=5.71e-06
  Epoch 1 step 50/126 | loss=0.009749 lr=8.57e-06
  Epoch 1 step 60/126 | loss=0.018201 lr=8.57e-06
  Epoch 1 step 70/126 | loss=0.020868 lr=1.14e-05
  Epoch 1 step 80/126 | loss=0.010490 lr=1.43e-05
  Epoch 1 step 90/126 | loss=0.011721 lr=1.43e-05
  Epoch 1 step 100/126 | loss=0.036954 lr=1.71e-05
  Epoch 1 step 110/126 | loss=0.014084 lr=1.71e-05
  Epoch 1 step 120/126 | loss=0.016725 lr=2.00e-05
Epoch 1 train | loss=0.026522
Epoch 1 val   | loss=0.027688
Updated best checkpoint at finetune_japan\checkpoints\run_glia_t2_r2a\best
  Epoch 2 step 10/126 | loss=0.011374 lr=2.29e-05
  Epoch 2 step 20/126 | loss=0.014976 lr=2.57e-05
  Epoch 2 step 30/126 | loss=0.069000 lr=2.57e-05
  Epoch 2 step 40/126 | loss=0.013116 lr=2.86e-05
  Epoch 2 step 50/126 | loss=0.016230 lr=3.14e-05
  Epoch 2 step 60/126 | loss=0.026014 lr=3.14e-05
  Epoch 2 step 70/126 | loss=0.006312 lr=3.43e-05
  Epoch 2 step 80/126 | loss=0.019768 lr=3.71e-05
  Epoch 2 step 90/126 | loss=0.012746 lr=3.71e-05
  Epoch 2 step 100/126 | loss=0.011036 lr=4.00e-05
  Epoch 2 step 110/126 | loss=0.019655 lr=4.00e-05
  Epoch 2 step 120/126 | loss=0.029522 lr=4.29e-05
Epoch 2 train | loss=0.023693
Epoch 2 val   | loss=0.024092
Updated best checkpoint at finetune_japan\checkpoints\run_glia_t2_r2a\best
  Epoch 3 step 10/126 | loss=0.022078 lr=4.57e-05
  Epoch 3 step 20/126 | loss=0.010469 lr=4.86e-05
  Epoch 3 step 30/126 | loss=0.029303 lr=4.86e-05
  Epoch 3 step 40/126 | loss=0.044410 lr=5.14e-05
  Epoch 3 step 50/126 | loss=0.022232 lr=5.43e-05
  Epoch 3 step 60/126 | loss=0.019347 lr=5.43e-05
  Epoch 3 step 70/126 | loss=0.012125 lr=5.71e-05
  Epoch 3 step 80/126 | loss=0.030842 lr=6.00e-05
  Epoch 3 step 90/126 | loss=0.037789 lr=6.00e-05
  Epoch 3 step 100/126 | loss=0.013878 lr=6.29e-05
  Epoch 3 step 110/126 | loss=0.012934 lr=6.29e-05
  Epoch 3 step 120/126 | loss=0.022873 lr=6.57e-05
Epoch 3 train | loss=0.021501
Epoch 3 val   | loss=0.023543
Updated best checkpoint at finetune_japan\checkpoints\run_glia_t2_r2a\best
  Epoch 4 step 10/126 | loss=0.006491 lr=6.86e-05
  Epoch 4 step 20/126 | loss=0.043236 lr=7.14e-05
  Epoch 4 step 30/126 | loss=0.008021 lr=7.14e-05
  Epoch 4 step 40/126 | loss=0.009323 lr=7.43e-05
  Epoch 4 step 50/126 | loss=0.012637 lr=7.71e-05
  Epoch 4 step 60/126 | loss=0.071168 lr=7.71e-05
  Epoch 4 step 70/126 | loss=0.017852 lr=8.00e-05
  Epoch 4 step 80/126 | loss=0.017502 lr=8.29e-05
  Epoch 4 step 90/126 | loss=0.011691 lr=8.29e-05
  Epoch 4 step 100/126 | loss=0.009566 lr=8.57e-05
  Epoch 4 step 110/126 | loss=0.010104 lr=8.57e-05
  Epoch 4 step 120/126 | loss=0.053267 lr=8.86e-05
Epoch 4 train | loss=0.020756
Epoch 4 val   | loss=0.023129
Updated best checkpoint at finetune_japan\checkpoints\run_glia_t2_r2a\best
  Epoch 5 step 10/126 | loss=0.031763 lr=9.14e-05
  Epoch 5 step 20/126 | loss=0.039644 lr=9.43e-05
  Epoch 5 step 30/126 | loss=0.013586 lr=9.43e-05
  Epoch 5 step 40/126 | loss=0.028681 lr=9.71e-05
  Epoch 5 step 50/126 | loss=0.020089 lr=1.00e-04
  Epoch 5 step 60/126 | loss=0.010121 lr=1.00e-04
  Epoch 5 step 70/126 | loss=0.023288 lr=1.00e-04
  Epoch 5 step 80/126 | loss=0.017782 lr=1.00e-04
  Epoch 5 step 90/126 | loss=0.020010 lr=1.00e-04
  Epoch 5 step 100/126 | loss=0.015428 lr=1.00e-04
  Epoch 5 step 110/126 | loss=0.015819 lr=1.00e-04
  Epoch 5 step 120/126 | loss=0.006721 lr=1.00e-04
Epoch 5 train | loss=0.020144
Epoch 5 val   | loss=0.023031
Updated best checkpoint at finetune_japan\checkpoints\run_glia_t2_r2a\best
  Epoch 6 step 10/126 | loss=0.009619 lr=9.99e-05
  Epoch 6 step 20/126 | loss=0.009645 lr=9.99e-05
  Epoch 6 step 30/126 | loss=0.009070 lr=9.99e-05
  Epoch 6 step 40/126 | loss=0.008720 lr=9.99e-05
  Epoch 6 step 50/126 | loss=0.006936 lr=9.98e-05
  Epoch 6 step 60/126 | loss=0.010772 lr=9.98e-05
  Epoch 6 step 70/126 | loss=0.013340 lr=9.98e-05
  Epoch 6 step 80/126 | loss=0.012643 lr=9.98e-05
  Epoch 6 step 90/126 | loss=0.019558 lr=9.98e-05
  Epoch 6 step 100/126 | loss=0.020238 lr=9.97e-05
  Epoch 6 step 110/126 | loss=0.053237 lr=9.97e-05
  Epoch 6 step 120/126 | loss=0.064469 lr=9.96e-05
Epoch 6 train | loss=0.019366
Epoch 6 val   | loss=0.021704
Updated best checkpoint at finetune_japan\checkpoints\run_glia_t2_r2a\best
  Epoch 7 step 10/126 | loss=0.034973 lr=9.96e-05
  Epoch 7 step 20/126 | loss=0.031685 lr=9.95e-05
  Epoch 7 step 30/126 | loss=0.033465 lr=9.95e-05
  Epoch 7 step 40/126 | loss=0.010629 lr=9.94e-05
  Epoch 7 step 50/126 | loss=0.018854 lr=9.94e-05
  Epoch 7 step 60/126 | loss=0.024415 lr=9.94e-05
  Epoch 7 step 70/126 | loss=0.009908 lr=9.93e-05
  Epoch 7 step 80/126 | loss=0.019488 lr=9.92e-05
  Epoch 7 step 90/126 | loss=0.010377 lr=9.92e-05
  Epoch 7 step 100/126 | loss=0.009970 lr=9.91e-05
  Epoch 7 step 110/126 | loss=0.008918 lr=9.91e-05
  Epoch 7 step 120/126 | loss=0.012601 lr=9.90e-05
Epoch 7 train | loss=0.018788
Epoch 7 val   | loss=0.021652
Updated best checkpoint at finetune_japan\checkpoints\run_glia_t2_r2a\best
  Epoch 8 step 10/126 | loss=0.030134 lr=9.89e-05
  Epoch 8 step 20/126 | loss=0.010201 lr=9.88e-05
  Epoch 8 step 30/126 | loss=0.015481 lr=9.88e-05
  Epoch 8 step 40/126 | loss=0.036776 lr=9.87e-05
  Epoch 8 step 50/126 | loss=0.008069 lr=9.86e-05
  Epoch 8 step 60/126 | loss=0.007500 lr=9.86e-05
  Epoch 8 step 70/126 | loss=0.017130 lr=9.85e-05
  Epoch 8 step 80/126 | loss=0.015266 lr=9.83e-05
  Epoch 8 step 90/126 | loss=0.013435 lr=9.83e-05
  Epoch 8 step 100/126 | loss=0.016073 lr=9.82e-05
  Epoch 8 step 110/126 | loss=0.015740 lr=9.82e-05
  Epoch 8 step 120/126 | loss=0.050972 lr=9.81e-05
Epoch 8 train | loss=0.017598
Epoch 8 val   | loss=0.020625
Updated best checkpoint at finetune_japan\checkpoints\run_glia_t2_r2a\best
  Epoch 9 step 10/126 | loss=0.009076 lr=9.79e-05
  Epoch 9 step 20/126 | loss=0.020175 lr=9.78e-05
  Epoch 9 step 30/126 | loss=0.024532 lr=9.78e-05
  Epoch 9 step 40/126 | loss=0.014410 lr=9.76e-05
  Epoch 9 step 50/126 | loss=0.008374 lr=9.75e-05
  Epoch 9 step 60/126 | loss=0.011397 lr=9.75e-05
  Epoch 9 step 70/126 | loss=0.015048 lr=9.73e-05
  Epoch 9 step 80/126 | loss=0.013845 lr=9.72e-05
  Epoch 9 step 90/126 | loss=0.053015 lr=9.72e-05
  Epoch 9 step 100/126 | loss=0.027964 lr=9.70e-05
  Epoch 9 step 110/126 | loss=0.013001 lr=9.70e-05
  Epoch 9 step 120/126 | loss=0.003409 lr=9.68e-05
Epoch 9 train | loss=0.016688
Epoch 9 val   | loss=0.020099
Updated best checkpoint at finetune_japan\checkpoints\run_glia_t2_r2a\best
  Epoch 10 step 10/126 | loss=0.003409 lr=9.66e-05
  Epoch 10 step 20/126 | loss=0.007520 lr=9.65e-05
  Epoch 10 step 30/126 | loss=0.010617 lr=9.65e-05
  Epoch 10 step 40/126 | loss=0.014318 lr=9.63e-05
  Epoch 10 step 50/126 | loss=0.005443 lr=9.61e-05
  Epoch 10 step 60/126 | loss=0.023515 lr=9.61e-05
  Epoch 10 step 70/126 | loss=0.009657 lr=9.59e-05
  Epoch 10 step 80/126 | loss=0.009292 lr=9.57e-05
  Epoch 10 step 90/126 | loss=0.022413 lr=9.57e-05
  Epoch 10 step 100/126 | loss=0.011236 lr=9.55e-05
  Epoch 10 step 110/126 | loss=0.014055 lr=9.55e-05
  Epoch 10 step 120/126 | loss=0.010514 lr=9.53e-05
Epoch 10 train | loss=0.015254
Epoch 10 val   | loss=0.019540
Updated best checkpoint at finetune_japan\checkpoints\run_glia_t2_r2a\best
  Epoch 11 step 10/126 | loss=0.008006 lr=9.50e-05
  Epoch 11 step 20/126 | loss=0.018011 lr=9.48e-05
  Epoch 11 step 30/126 | loss=0.013283 lr=9.48e-05
  Epoch 11 step 40/126 | loss=0.011032 lr=9.46e-05
  Epoch 11 step 50/126 | loss=0.007726 lr=9.44e-05
  Epoch 11 step 60/126 | loss=0.014778 lr=9.44e-05
  Epoch 11 step 70/126 | loss=0.010125 lr=9.41e-05
  Epoch 11 step 80/126 | loss=0.005184 lr=9.39e-05
  Epoch 11 step 90/126 | loss=0.026081 lr=9.39e-05
  Epoch 11 step 100/126 | loss=0.007158 lr=9.37e-05
  Epoch 11 step 110/126 | loss=0.013006 lr=9.37e-05
  Epoch 11 step 120/126 | loss=0.011512 lr=9.34e-05
Epoch 11 train | loss=0.013029
Epoch 11 val   | loss=0.018797
Updated best checkpoint at finetune_japan\checkpoints\run_glia_t2_r2a\best
  Epoch 12 step 10/126 | loss=0.024654 lr=9.32e-05
  Epoch 12 step 20/126 | loss=0.014791 lr=9.29e-05
  Epoch 12 step 30/126 | loss=0.017358 lr=9.29e-05
  Epoch 12 step 40/126 | loss=0.012239 lr=9.27e-05
  Epoch 12 step 50/126 | loss=0.016875 lr=9.24e-05
  Epoch 12 step 60/126 | loss=0.009979 lr=9.24e-05
  Epoch 12 step 70/126 | loss=0.012409 lr=9.21e-05
  Epoch 12 step 80/126 | loss=0.010797 lr=9.19e-05
  Epoch 12 step 90/126 | loss=0.010936 lr=9.19e-05
  Epoch 12 step 100/126 | loss=0.006801 lr=9.16e-05
  Epoch 12 step 110/126 | loss=0.007945 lr=9.16e-05
  Epoch 12 step 120/126 | loss=0.007112 lr=9.13e-05
Epoch 12 train | loss=0.012294
Epoch 12 val   | loss=0.019598
  Epoch 13 step 10/126 | loss=0.012887 lr=9.10e-05
  Epoch 13 step 20/126 | loss=0.010007 lr=9.07e-05
  Epoch 13 step 30/126 | loss=0.006266 lr=9.07e-05
  Epoch 13 step 40/126 | loss=0.006423 lr=9.05e-05
  Epoch 13 step 50/126 | loss=0.021633 lr=9.02e-05
  Epoch 13 step 60/126 | loss=0.017631 lr=9.02e-05
  Epoch 13 step 70/126 | loss=0.013207 lr=8.99e-05
  Epoch 13 step 80/126 | loss=0.012131 lr=8.96e-05
  Epoch 13 step 90/126 | loss=0.013775 lr=8.96e-05
  Epoch 13 step 100/126 | loss=0.009657 lr=8.92e-05
  Epoch 13 step 110/126 | loss=0.007465 lr=8.92e-05
  Epoch 13 step 120/126 | loss=0.012947 lr=8.89e-05
Epoch 13 train | loss=0.010595
Epoch 13 val   | loss=0.017445
Updated best checkpoint at finetune_japan\checkpoints\run_glia_t2_r2a\best
  Epoch 14 step 10/126 | loss=0.024737 lr=8.86e-05
  Epoch 14 step 20/126 | loss=0.014825 lr=8.83e-05
  Epoch 14 step 30/126 | loss=0.008411 lr=8.83e-05
  Epoch 14 step 40/126 | loss=0.009426 lr=8.80e-05
  Epoch 14 step 50/126 | loss=0.011212 lr=8.77e-05
  Epoch 14 step 60/126 | loss=0.015572 lr=8.77e-05
  Epoch 14 step 70/126 | loss=0.006940 lr=8.73e-05
  Epoch 14 step 80/126 | loss=0.013941 lr=8.70e-05
  Epoch 14 step 90/126 | loss=0.009118 lr=8.70e-05
  Epoch 14 step 100/126 | loss=0.006730 lr=8.67e-05
  Epoch 14 step 110/126 | loss=0.006535 lr=8.67e-05
  Epoch 14 step 120/126 | loss=0.016086 lr=8.63e-05
Epoch 14 train | loss=0.009810
Epoch 14 val   | loss=0.017644
  Epoch 15 step 10/126 | loss=0.013570 lr=8.60e-05
  Epoch 15 step 20/126 | loss=0.011656 lr=8.56e-05
  Epoch 15 step 30/126 | loss=0.010483 lr=8.56e-05
  Epoch 15 step 40/126 | loss=0.015270 lr=8.53e-05
  Epoch 15 step 50/126 | loss=0.008175 lr=8.49e-05
  Epoch 15 step 60/126 | loss=0.007557 lr=8.49e-05
  Epoch 15 step 70/126 | loss=0.009796 lr=8.46e-05
  Epoch 15 step 80/126 | loss=0.005788 lr=8.42e-05
  Epoch 15 step 90/126 | loss=0.008502 lr=8.42e-05
  Epoch 15 step 100/126 | loss=0.003948 lr=8.38e-05
  Epoch 15 step 110/126 | loss=0.012771 lr=8.38e-05
  Epoch 15 step 120/126 | loss=0.006156 lr=8.35e-05
Epoch 15 train | loss=0.008904
Epoch 15 val   | loss=0.016626
Updated best checkpoint at finetune_japan\checkpoints\run_glia_t2_r2a\best
  Epoch 16 step 10/126 | loss=0.004195 lr=8.31e-05
  Epoch 16 step 20/126 | loss=0.004367 lr=8.27e-05
  Epoch 16 step 30/126 | loss=0.002865 lr=8.27e-05
  Epoch 16 step 40/126 | loss=0.004955 lr=8.23e-05
  Epoch 16 step 50/126 | loss=0.008013 lr=8.19e-05
  Epoch 16 step 60/126 | loss=0.043780 lr=8.19e-05
  Epoch 16 step 70/126 | loss=0.011981 lr=8.16e-05
  Epoch 16 step 80/126 | loss=0.005578 lr=8.12e-05
  Epoch 16 step 90/126 | loss=0.008682 lr=8.12e-05
  Epoch 16 step 100/126 | loss=0.008098 lr=8.08e-05
  Epoch 16 step 110/126 | loss=0.004783 lr=8.08e-05
  Epoch 16 step 120/126 | loss=0.008244 lr=8.04e-05
Epoch 16 train | loss=0.008520
Epoch 16 val   | loss=0.016193
Updated best checkpoint at finetune_japan\checkpoints\run_glia_t2_r2a\best
  Epoch 17 step 10/126 | loss=0.003573 lr=8.00e-05
  Epoch 17 step 20/126 | loss=0.008681 lr=7.96e-05
  Epoch 17 step 30/126 | loss=0.015990 lr=7.96e-05
  Epoch 17 step 40/126 | loss=0.007329 lr=7.92e-05
  Epoch 17 step 50/126 | loss=0.006736 lr=7.88e-05
  Epoch 17 step 60/126 | loss=0.005121 lr=7.88e-05
  Epoch 17 step 70/126 | loss=0.006676 lr=7.84e-05
  Epoch 17 step 80/126 | loss=0.007608 lr=7.80e-05
  Epoch 17 step 90/126 | loss=0.005463 lr=7.80e-05
  Epoch 17 step 100/126 | loss=0.009021 lr=7.75e-05
  Epoch 17 step 110/126 | loss=0.006366 lr=7.75e-05
  Epoch 17 step 120/126 | loss=0.003799 lr=7.71e-05
Epoch 17 train | loss=0.007668
Epoch 17 val   | loss=0.017878
  Epoch 18 step 10/126 | loss=0.007393 lr=7.67e-05
  Epoch 18 step 20/126 | loss=0.004710 lr=7.63e-05
  Epoch 18 step 30/126 | loss=0.004667 lr=7.63e-05
  Epoch 18 step 40/126 | loss=0.007610 lr=7.59e-05
  Epoch 18 step 50/126 | loss=0.003733 lr=7.54e-05
  Epoch 18 step 60/126 | loss=0.005795 lr=7.54e-05
  Epoch 18 step 70/126 | loss=0.009558 lr=7.50e-05
  Epoch 18 step 80/126 | loss=0.005602 lr=7.46e-05
  Epoch 18 step 90/126 | loss=0.009603 lr=7.46e-05
  Epoch 18 step 100/126 | loss=0.006370 lr=7.41e-05
  Epoch 18 step 110/126 | loss=0.006321 lr=7.41e-05
  Epoch 18 step 120/126 | loss=0.003631 lr=7.37e-05
Epoch 18 train | loss=0.007333
Epoch 18 val   | loss=0.015512
Updated best checkpoint at finetune_japan\checkpoints\run_glia_t2_r2a\best
  Epoch 19 step 10/126 | loss=0.003411 lr=7.33e-05
  Epoch 19 step 20/126 | loss=0.006235 lr=7.28e-05
  Epoch 19 step 30/126 | loss=0.005891 lr=7.28e-05
  Epoch 19 step 40/126 | loss=0.005631 lr=7.24e-05
  Epoch 19 step 50/126 | loss=0.003385 lr=7.19e-05
  Epoch 19 step 60/126 | loss=0.004759 lr=7.19e-05
  Epoch 19 step 70/126 | loss=0.007833 lr=7.15e-05
  Epoch 19 step 80/126 | loss=0.004427 lr=7.10e-05
  Epoch 19 step 90/126 | loss=0.006138 lr=7.10e-05
  Epoch 19 step 100/126 | loss=0.008384 lr=7.06e-05
  Epoch 19 step 110/126 | loss=0.004420 lr=7.06e-05
  Epoch 19 step 120/126 | loss=0.005994 lr=7.01e-05
Epoch 19 train | loss=0.006896
Epoch 19 val   | loss=0.015224
Updated best checkpoint at finetune_japan\checkpoints\run_glia_t2_r2a\best
  Epoch 20 step 10/126 | loss=0.004626 lr=6.97e-05
  Epoch 20 step 20/126 | loss=0.004437 lr=6.92e-05
  Epoch 20 step 30/126 | loss=0.006310 lr=6.92e-05
  Epoch 20 step 40/126 | loss=0.006687 lr=6.87e-05
  Epoch 20 step 50/126 | loss=0.006585 lr=6.83e-05
  Epoch 20 step 60/126 | loss=0.005108 lr=6.83e-05
  Epoch 20 step 70/126 | loss=0.007133 lr=6.78e-05
  Epoch 20 step 80/126 | loss=0.006087 lr=6.73e-05
  Epoch 20 step 90/126 | loss=0.005144 lr=6.73e-05
  Epoch 20 step 100/126 | loss=0.005370 lr=6.69e-05
  Epoch 20 step 110/126 | loss=0.009217 lr=6.69e-05
  Epoch 20 step 120/126 | loss=0.004756 lr=6.64e-05
Epoch 20 train | loss=0.006390
Epoch 20 val   | loss=0.016466
  Epoch 21 step 10/126 | loss=0.009076 lr=6.59e-05
  Epoch 21 step 20/126 | loss=0.003929 lr=6.55e-05
  Epoch 21 step 30/126 | loss=0.006122 lr=6.55e-05
  Epoch 21 step 40/126 | loss=0.008066 lr=6.50e-05
  Epoch 21 step 50/126 | loss=0.006982 lr=6.45e-05
  Epoch 21 step 60/126 | loss=0.007104 lr=6.45e-05
  Epoch 21 step 70/126 | loss=0.004411 lr=6.40e-05
  Epoch 21 step 80/126 | loss=0.005210 lr=6.35e-05
  Epoch 21 step 90/126 | loss=0.002499 lr=6.35e-05
  Epoch 21 step 100/126 | loss=0.004630 lr=6.31e-05
  Epoch 21 step 110/126 | loss=0.006055 lr=6.31e-05
  Epoch 21 step 120/126 | loss=0.005748 lr=6.26e-05
Epoch 21 train | loss=0.006121
Epoch 21 val   | loss=0.015794
  Epoch 22 step 10/126 | loss=0.006486 lr=6.21e-05
  Epoch 22 step 20/126 | loss=0.003244 lr=6.16e-05
  Epoch 22 step 30/126 | loss=0.007761 lr=6.16e-05
  Epoch 22 step 40/126 | loss=0.004944 lr=6.11e-05
  Epoch 22 step 50/126 | loss=0.009443 lr=6.06e-05
  Epoch 22 step 60/126 | loss=0.006754 lr=6.06e-05
  Epoch 22 step 70/126 | loss=0.005142 lr=6.02e-05
  Epoch 22 step 80/126 | loss=0.005363 lr=5.97e-05
  Epoch 22 step 90/126 | loss=0.004868 lr=5.97e-05
  Epoch 22 step 100/126 | loss=0.007099 lr=5.92e-05
  Epoch 22 step 110/126 | loss=0.004395 lr=5.92e-05
  Epoch 22 step 120/126 | loss=0.004324 lr=5.87e-05
Epoch 22 train | loss=0.005526
Epoch 22 val   | loss=0.015849
  Epoch 23 step 10/126 | loss=0.006375 lr=5.82e-05
  Epoch 23 step 20/126 | loss=0.002483 lr=5.77e-05
  Epoch 23 step 30/126 | loss=0.004025 lr=5.77e-05
  Epoch 23 step 40/126 | loss=0.004904 lr=5.72e-05
  Epoch 23 step 50/126 | loss=0.007565 lr=5.67e-05
  Epoch 23 step 60/126 | loss=0.005899 lr=5.67e-05
  Epoch 23 step 70/126 | loss=0.006411 lr=5.62e-05
  Epoch 23 step 80/126 | loss=0.004285 lr=5.57e-05
  Epoch 23 step 90/126 | loss=0.005281 lr=5.57e-05
  Epoch 23 step 100/126 | loss=0.003350 lr=5.52e-05
  Epoch 23 step 110/126 | loss=0.008247 lr=5.52e-05
  Epoch 23 step 120/126 | loss=0.004079 lr=5.47e-05
Epoch 23 train | loss=0.005830
Epoch 23 val   | loss=0.014710
Updated best checkpoint at finetune_japan\checkpoints\run_glia_t2_r2a\best
  Epoch 24 step 10/126 | loss=0.014256 lr=5.42e-05
  Epoch 24 step 20/126 | loss=0.006567 lr=5.37e-05
  Epoch 24 step 30/126 | loss=0.002355 lr=5.37e-05
  Epoch 24 step 40/126 | loss=0.003494 lr=5.32e-05
  Epoch 24 step 50/126 | loss=0.005554 lr=5.27e-05
  Epoch 24 step 60/126 | loss=0.003509 lr=5.27e-05
  Epoch 24 step 70/126 | loss=0.004173 lr=5.22e-05
  Epoch 24 step 80/126 | loss=0.009031 lr=5.17e-05
  Epoch 24 step 90/126 | loss=0.003484 lr=5.17e-05
  Epoch 24 step 100/126 | loss=0.002903 lr=5.12e-05
  Epoch 24 step 110/126 | loss=0.004364 lr=5.12e-05
  Epoch 24 step 120/126 | loss=0.005957 lr=5.07e-05
Epoch 24 train | loss=0.005562
Epoch 24 val   | loss=0.015896
  Epoch 25 step 10/126 | loss=0.003851 lr=5.02e-05
  Epoch 25 step 20/126 | loss=0.004335 lr=4.98e-05
  Epoch 25 step 30/126 | loss=0.005572 lr=4.98e-05
  Epoch 25 step 40/126 | loss=0.003228 lr=4.93e-05
  Epoch 25 step 50/126 | loss=0.004489 lr=4.88e-05
  Epoch 25 step 60/126 | loss=0.004970 lr=4.88e-05
  Epoch 25 step 70/126 | loss=0.006242 lr=4.83e-05
  Epoch 25 step 80/126 | loss=0.004934 lr=4.78e-05
  Epoch 25 step 90/126 | loss=0.002178 lr=4.78e-05
  Epoch 25 step 100/126 | loss=0.001818 lr=4.73e-05
  Epoch 25 step 110/126 | loss=0.005747 lr=4.73e-05
  Epoch 25 step 120/126 | loss=0.009641 lr=4.68e-05
Epoch 25 train | loss=0.005336
Epoch 25 val   | loss=0.014485
Updated best checkpoint at finetune_japan\checkpoints\run_glia_t2_r2a\best
  Epoch 26 step 10/126 | loss=0.004583 lr=4.63e-05
  Epoch 26 step 20/126 | loss=0.008980 lr=4.58e-05
  Epoch 26 step 30/126 | loss=0.003397 lr=4.58e-05
  Epoch 26 step 40/126 | loss=0.010091 lr=4.53e-05
  Epoch 26 step 50/126 | loss=0.005433 lr=4.48e-05
  Epoch 26 step 60/126 | loss=0.002950 lr=4.48e-05
  Epoch 26 step 70/126 | loss=0.003399 lr=4.43e-05
  Epoch 26 step 80/126 | loss=0.003216 lr=4.38e-05
  Epoch 26 step 90/126 | loss=0.004864 lr=4.38e-05
  Epoch 26 step 100/126 | loss=0.005393 lr=4.33e-05
  Epoch 26 step 110/126 | loss=0.003142 lr=4.33e-05
  Epoch 26 step 120/126 | loss=0.003062 lr=4.28e-05
Epoch 26 train | loss=0.004871
Epoch 26 val   | loss=0.014793
  Epoch 27 step 10/126 | loss=0.002825 lr=4.23e-05
  Epoch 27 step 20/126 | loss=0.006663 lr=4.18e-05
  Epoch 27 step 30/126 | loss=0.005299 lr=4.18e-05
  Epoch 27 step 40/126 | loss=0.003944 lr=4.13e-05
  Epoch 27 step 50/126 | loss=0.002892 lr=4.08e-05
  Epoch 27 step 60/126 | loss=0.006005 lr=4.08e-05
  Epoch 27 step 70/126 | loss=0.004844 lr=4.03e-05
  Epoch 27 step 80/126 | loss=0.004654 lr=3.98e-05
  Epoch 27 step 90/126 | loss=0.004143 lr=3.98e-05
  Epoch 27 step 100/126 | loss=0.004624 lr=3.94e-05
  Epoch 27 step 110/126 | loss=0.003796 lr=3.94e-05
  Epoch 27 step 120/126 | loss=0.005371 lr=3.89e-05
Epoch 27 train | loss=0.004826
Epoch 27 val   | loss=0.014134
Updated best checkpoint at finetune_japan\checkpoints\run_glia_t2_r2a\best
  Epoch 28 step 10/126 | loss=0.006016 lr=3.84e-05
  Epoch 28 step 20/126 | loss=0.003403 lr=3.79e-05
  Epoch 28 step 30/126 | loss=0.004769 lr=3.79e-05
  Epoch 28 step 40/126 | loss=0.004617 lr=3.74e-05
  Epoch 28 step 50/126 | loss=0.005445 lr=3.69e-05
  Epoch 28 step 60/126 | loss=0.005882 lr=3.69e-05
  Epoch 28 step 70/126 | loss=0.003149 lr=3.65e-05
  Epoch 28 step 80/126 | loss=0.003319 lr=3.60e-05
  Epoch 28 step 90/126 | loss=0.004595 lr=3.60e-05
  Epoch 28 step 100/126 | loss=0.011925 lr=3.55e-05
  Epoch 28 step 110/126 | loss=0.002909 lr=3.55e-05
  Epoch 28 step 120/126 | loss=0.004468 lr=3.50e-05
Epoch 28 train | loss=0.004696
Epoch 28 val   | loss=0.015034
  Epoch 29 step 10/126 | loss=0.002669 lr=3.45e-05
  Epoch 29 step 20/126 | loss=0.004723 lr=3.41e-05
  Epoch 29 step 30/126 | loss=0.006612 lr=3.41e-05
  Epoch 29 step 40/126 | loss=0.005559 lr=3.36e-05
  Epoch 29 step 50/126 | loss=0.005671 lr=3.31e-05
  Epoch 29 step 60/126 | loss=0.006090 lr=3.31e-05
  Epoch 29 step 70/126 | loss=0.004733 lr=3.27e-05
  Epoch 29 step 80/126 | loss=0.003222 lr=3.22e-05
  Epoch 29 step 90/126 | loss=0.004444 lr=3.22e-05
  Epoch 29 step 100/126 | loss=0.004774 lr=3.17e-05
  Epoch 29 step 110/126 | loss=0.004500 lr=3.17e-05
  Epoch 29 step 120/126 | loss=0.006128 lr=3.13e-05
Epoch 29 train | loss=0.004529
Epoch 29 val   | loss=0.015006
  Epoch 30 step 10/126 | loss=0.003591 lr=3.08e-05
  Epoch 30 step 20/126 | loss=0.003847 lr=3.03e-05
  Epoch 30 step 30/126 | loss=0.004792 lr=3.03e-05
  Epoch 30 step 40/126 | loss=0.005510 lr=2.99e-05
  Epoch 30 step 50/126 | loss=0.003981 lr=2.94e-05
  Epoch 30 step 60/126 | loss=0.003308 lr=2.94e-05
  Epoch 30 step 70/126 | loss=0.004118 lr=2.90e-05
  Epoch 30 step 80/126 | loss=0.004457 lr=2.85e-05
  Epoch 30 step 90/126 | loss=0.003345 lr=2.85e-05
  Epoch 30 step 100/126 | loss=0.004545 lr=2.81e-05
  Epoch 30 step 110/126 | loss=0.004512 lr=2.81e-05
  Epoch 30 step 120/126 | loss=0.003405 lr=2.76e-05
Epoch 30 train | loss=0.004404
Epoch 30 val   | loss=0.015057
  Epoch 31 step 10/126 | loss=0.005271 lr=2.72e-05
  Epoch 31 step 20/126 | loss=0.003894 lr=2.67e-05
  Epoch 31 step 30/126 | loss=0.002389 lr=2.67e-05
  Epoch 31 step 40/126 | loss=0.003620 lr=2.63e-05
  Epoch 31 step 50/126 | loss=0.004422 lr=2.59e-05
  Epoch 31 step 60/126 | loss=0.006233 lr=2.59e-05
  Epoch 31 step 70/126 | loss=0.003885 lr=2.54e-05
  Epoch 31 step 80/126 | loss=0.003714 lr=2.50e-05
  Epoch 31 step 90/126 | loss=0.004803 lr=2.50e-05
  Epoch 31 step 100/126 | loss=0.005076 lr=2.46e-05
  Epoch 31 step 110/126 | loss=0.003057 lr=2.46e-05
  Epoch 31 step 120/126 | loss=0.003981 lr=2.41e-05
Epoch 31 train | loss=0.004345
Epoch 31 val   | loss=0.015469
  Epoch 32 step 10/126 | loss=0.004675 lr=2.37e-05
  Epoch 32 step 20/126 | loss=0.004355 lr=2.33e-05
  Epoch 32 step 30/126 | loss=0.003345 lr=2.33e-05
  Epoch 32 step 40/126 | loss=0.005279 lr=2.29e-05
  Epoch 32 step 50/126 | loss=0.004866 lr=2.25e-05
  Epoch 32 step 60/126 | loss=0.003045 lr=2.25e-05
  Epoch 32 step 70/126 | loss=0.006284 lr=2.20e-05
  Epoch 32 step 80/126 | loss=0.003632 lr=2.16e-05
  Epoch 32 step 90/126 | loss=0.004748 lr=2.16e-05
  Epoch 32 step 100/126 | loss=0.003827 lr=2.12e-05
  Epoch 32 step 110/126 | loss=0.003690 lr=2.12e-05
  Epoch 32 step 120/126 | loss=0.003000 lr=2.08e-05
Epoch 32 train | loss=0.004290
Epoch 32 val   | loss=0.014151
  Epoch 33 step 10/126 | loss=0.001927 lr=2.04e-05
  Epoch 33 step 20/126 | loss=0.003003 lr=2.00e-05
  Epoch 33 step 30/126 | loss=0.004721 lr=2.00e-05
  Epoch 33 step 40/126 | loss=0.003366 lr=1.96e-05
  Epoch 33 step 50/126 | loss=0.005013 lr=1.92e-05
  Epoch 33 step 60/126 | loss=0.003657 lr=1.92e-05
  Epoch 33 step 70/126 | loss=0.004418 lr=1.88e-05
  Epoch 33 step 80/126 | loss=0.003236 lr=1.84e-05
  Epoch 33 step 90/126 | loss=0.003585 lr=1.84e-05
  Epoch 33 step 100/126 | loss=0.005145 lr=1.81e-05
  Epoch 33 step 110/126 | loss=0.002465 lr=1.81e-05
  Epoch 33 step 120/126 | loss=0.004644 lr=1.77e-05
Epoch 33 train | loss=0.003935
Epoch 33 val   | loss=0.014068
Updated best checkpoint at finetune_japan\checkpoints\run_glia_t2_r2a\best
  Epoch 34 step 10/126 | loss=0.003509 lr=1.73e-05
  Epoch 34 step 20/126 | loss=0.004944 lr=1.69e-05
  Epoch 34 step 30/126 | loss=0.005881 lr=1.69e-05
  Epoch 34 step 40/126 | loss=0.004856 lr=1.65e-05
  Epoch 34 step 50/126 | loss=0.002719 lr=1.62e-05
  Epoch 34 step 60/126 | loss=0.005866 lr=1.62e-05
  Epoch 34 step 70/126 | loss=0.008136 lr=1.58e-05
  Epoch 34 step 80/126 | loss=0.002968 lr=1.54e-05
  Epoch 34 step 90/126 | loss=0.003587 lr=1.54e-05
  Epoch 34 step 100/126 | loss=0.004720 lr=1.51e-05
  Epoch 34 step 110/126 | loss=0.005923 lr=1.51e-05
  Epoch 34 step 120/126 | loss=0.002328 lr=1.47e-05
Epoch 34 train | loss=0.004171
Epoch 34 val   | loss=0.014591
  Epoch 35 step 10/126 | loss=0.003885 lr=1.44e-05
  Epoch 35 step 20/126 | loss=0.003792 lr=1.40e-05
  Epoch 35 step 30/126 | loss=0.002465 lr=1.40e-05
  Epoch 35 step 40/126 | loss=0.004503 lr=1.37e-05
  Epoch 35 step 50/126 | loss=0.005476 lr=1.33e-05
  Epoch 35 step 60/126 | loss=0.005717 lr=1.33e-05
  Epoch 35 step 70/126 | loss=0.004954 lr=1.30e-05
  Epoch 35 step 80/126 | loss=0.003420 lr=1.27e-05
  Epoch 35 step 90/126 | loss=0.003482 lr=1.27e-05
  Epoch 35 step 100/126 | loss=0.004087 lr=1.23e-05
  Epoch 35 step 110/126 | loss=0.002968 lr=1.23e-05
  Epoch 35 step 120/126 | loss=0.003412 lr=1.20e-05
Epoch 35 train | loss=0.004052
Epoch 35 val   | loss=0.014515
  Epoch 36 step 10/126 | loss=0.003180 lr=1.17e-05
  Epoch 36 step 20/126 | loss=0.004121 lr=1.14e-05
  Epoch 36 step 30/126 | loss=0.003870 lr=1.14e-05
  Epoch 36 step 40/126 | loss=0.002905 lr=1.11e-05
  Epoch 36 step 50/126 | loss=0.003365 lr=1.08e-05
  Epoch 36 step 60/126 | loss=0.003879 lr=1.08e-05
  Epoch 36 step 70/126 | loss=0.003730 lr=1.04e-05
  Epoch 36 step 80/126 | loss=0.004628 lr=1.01e-05
  Epoch 36 step 90/126 | loss=0.003923 lr=1.01e-05
  Epoch 36 step 100/126 | loss=0.004920 lr=9.84e-06
  Epoch 36 step 110/126 | loss=0.002433 lr=9.84e-06
  Epoch 36 step 120/126 | loss=0.004840 lr=9.55e-06
Epoch 36 train | loss=0.004141
Epoch 36 val   | loss=0.013709
Updated best checkpoint at finetune_japan\checkpoints\run_glia_t2_r2a\best
  Epoch 37 step 10/126 | loss=0.003814 lr=9.26e-06
  Epoch 37 step 20/126 | loss=0.005327 lr=8.97e-06
  Epoch 37 step 30/126 | loss=0.002564 lr=8.97e-06
  Epoch 37 step 40/126 | loss=0.005778 lr=8.69e-06
  Epoch 37 step 50/126 | loss=0.004190 lr=8.41e-06
  Epoch 37 step 60/126 | loss=0.003714 lr=8.41e-06
  Epoch 37 step 70/126 | loss=0.002672 lr=8.13e-06
  Epoch 37 step 80/126 | loss=0.002874 lr=7.86e-06
  Epoch 37 step 90/126 | loss=0.002240 lr=7.86e-06
  Epoch 37 step 100/126 | loss=0.006906 lr=7.60e-06
  Epoch 37 step 110/126 | loss=0.006563 lr=7.60e-06
  Epoch 37 step 120/126 | loss=0.003481 lr=7.34e-06
Epoch 37 train | loss=0.004054
Epoch 37 val   | loss=0.014442
  Epoch 38 step 10/126 | loss=0.004517 lr=7.08e-06
  Epoch 38 step 20/126 | loss=0.003552 lr=6.82e-06
  Epoch 38 step 30/126 | loss=0.003894 lr=6.82e-06
  Epoch 38 step 40/126 | loss=0.004144 lr=6.57e-06
  Epoch 38 step 50/126 | loss=0.003023 lr=6.33e-06
  Epoch 38 step 60/126 | loss=0.004052 lr=6.33e-06
  Epoch 38 step 70/126 | loss=0.004819 lr=6.09e-06
  Epoch 38 step 80/126 | loss=0.004939 lr=5.85e-06
  Epoch 38 step 90/126 | loss=0.010637 lr=5.85e-06
  Epoch 38 step 100/126 | loss=0.003216 lr=5.62e-06
  Epoch 38 step 110/126 | loss=0.006513 lr=5.62e-06
  Epoch 38 step 120/126 | loss=0.003917 lr=5.39e-06
Epoch 38 train | loss=0.003965
Epoch 38 val   | loss=0.014930
  Epoch 39 step 10/126 | loss=0.003615 lr=5.17e-06
  Epoch 39 step 20/126 | loss=0.005240 lr=4.95e-06
  Epoch 39 step 30/126 | loss=0.005752 lr=4.95e-06
  Epoch 39 step 40/126 | loss=0.002851 lr=4.74e-06
  Epoch 39 step 50/126 | loss=0.004900 lr=4.53e-06
  Epoch 39 step 60/126 | loss=0.003566 lr=4.53e-06
  Epoch 39 step 70/126 | loss=0.004913 lr=4.32e-06
  Epoch 39 step 80/126 | loss=0.002947 lr=4.12e-06
  Epoch 39 step 90/126 | loss=0.005450 lr=4.12e-06
  Epoch 39 step 100/126 | loss=0.005301 lr=3.93e-06
  Epoch 39 step 110/126 | loss=0.003464 lr=3.93e-06
  Epoch 39 step 120/126 | loss=0.002196 lr=3.73e-06
Epoch 39 train | loss=0.004021
Epoch 39 val   | loss=0.013899
  Epoch 40 step 10/126 | loss=0.003249 lr=3.55e-06
  Epoch 40 step 20/126 | loss=0.004992 lr=3.37e-06
  Epoch 40 step 30/126 | loss=0.004690 lr=3.37e-06
  Epoch 40 step 40/126 | loss=0.002441 lr=3.19e-06
  Epoch 40 step 50/126 | loss=0.006950 lr=3.02e-06
  Epoch 40 step 60/126 | loss=0.004838 lr=3.02e-06
  Epoch 40 step 70/126 | loss=0.004064 lr=2.85e-06
  Epoch 40 step 80/126 | loss=0.002253 lr=2.68e-06
  Epoch 40 step 90/126 | loss=0.003245 lr=2.68e-06
  Epoch 40 step 100/126 | loss=0.004297 lr=2.52e-06
  Epoch 40 step 110/126 | loss=0.005908 lr=2.52e-06
  Epoch 40 step 120/126 | loss=0.005479 lr=2.37e-06
Epoch 40 train | loss=0.003938
Epoch 40 val   | loss=0.013408
Updated best checkpoint at finetune_japan\checkpoints\run_glia_t2_r2a\best
  Epoch 41 step 10/126 | loss=0.004325 lr=2.22e-06
  Epoch 41 step 20/126 | loss=0.002542 lr=2.08e-06
  Epoch 41 step 30/126 | loss=0.002862 lr=2.08e-06
  Epoch 41 step 40/126 | loss=0.004814 lr=1.94e-06
  Epoch 41 step 50/126 | loss=0.001980 lr=1.80e-06
  Epoch 41 step 60/126 | loss=0.003518 lr=1.80e-06
  Epoch 41 step 70/126 | loss=0.002624 lr=1.67e-06
  Epoch 41 step 80/126 | loss=0.006121 lr=1.55e-06
  Epoch 41 step 90/126 | loss=0.004514 lr=1.55e-06
  Epoch 41 step 100/126 | loss=0.002525 lr=1.43e-06
  Epoch 41 step 110/126 | loss=0.003700 lr=1.43e-06
  Epoch 41 step 120/126 | loss=0.005319 lr=1.31e-06
Epoch 41 train | loss=0.003923
Epoch 41 val   | loss=0.013516
  Epoch 42 step 10/126 | loss=0.003211 lr=1.20e-06
  Epoch 42 step 20/126 | loss=0.002415 lr=1.09e-06
  Epoch 42 step 30/126 | loss=0.004576 lr=1.09e-06
  Epoch 42 step 40/126 | loss=0.004860 lr=9.91e-07
  Epoch 42 step 50/126 | loss=0.003645 lr=8.95e-07
  Epoch 42 step 60/126 | loss=0.005459 lr=8.95e-07
  Epoch 42 step 70/126 | loss=0.005223 lr=8.04e-07
  Epoch 42 step 80/126 | loss=0.003959 lr=7.17e-07
  Epoch 42 step 90/126 | loss=0.004486 lr=7.17e-07
  Epoch 42 step 100/126 | loss=0.003901 lr=6.35e-07
  Epoch 42 step 110/126 | loss=0.002931 lr=6.35e-07
  Epoch 42 step 120/126 | loss=0.004155 lr=5.58e-07
Epoch 42 train | loss=0.003847
Epoch 42 val   | loss=0.014589
  Epoch 43 step 10/126 | loss=0.003236 lr=4.87e-07
  Epoch 43 step 20/126 | loss=0.003808 lr=4.20e-07
  Epoch 43 step 30/126 | loss=0.004234 lr=4.20e-07
  Epoch 43 step 40/126 | loss=0.004173 lr=3.58e-07
  Epoch 43 step 50/126 | loss=0.004209 lr=3.01e-07
  Epoch 43 step 60/126 | loss=0.004984 lr=3.01e-07
  Epoch 43 step 70/126 | loss=0.002746 lr=2.48e-07
  Epoch 43 step 80/126 | loss=0.002066 lr=2.01e-07
  Epoch 43 step 90/126 | loss=0.002523 lr=2.01e-07
  Epoch 43 step 100/126 | loss=0.004854 lr=1.59e-07
  Epoch 43 step 110/126 | loss=0.005927 lr=1.59e-07
  Epoch 43 step 120/126 | loss=0.003000 lr=1.22e-07
Epoch 43 train | loss=0.003843
Epoch 43 val   | loss=0.013487
  Epoch 44 step 10/126 | loss=0.003153 lr=8.95e-08
  Epoch 44 step 20/126 | loss=0.003248 lr=6.22e-08
  Epoch 44 step 30/126 | loss=0.004542 lr=6.22e-08
  Epoch 44 step 40/126 | loss=0.004361 lr=3.98e-08
  Epoch 44 step 50/126 | loss=0.002238 lr=2.24e-08
  Epoch 44 step 60/126 | loss=0.001894 lr=2.24e-08
  Epoch 44 step 70/126 | loss=0.003363 lr=9.95e-09
  Epoch 44 step 80/126 | loss=0.003846 lr=2.49e-09
  Epoch 44 step 90/126 | loss=0.002899 lr=2.49e-09
  Epoch 44 step 100/126 | loss=0.003203 lr=0.00e+00
  Epoch 44 step 110/126 | loss=0.003360 lr=0.00e+00
  Epoch 44 step 120/126 | loss=0.003273 lr=2.49e-09
Epoch 44 train | loss=0.003946
Epoch 44 val   | loss=0.013911
  Epoch 45 step 10/126 | loss=0.004054 lr=9.95e-09
  Epoch 45 step 20/126 | loss=0.004280 lr=2.24e-08
  Epoch 45 step 30/126 | loss=0.003151 lr=2.24e-08
  Epoch 45 step 40/126 | loss=0.003502 lr=3.98e-08
  Epoch 45 step 50/126 | loss=0.005786 lr=6.22e-08
  Epoch 45 step 60/126 | loss=0.003212 lr=6.22e-08
  Epoch 45 step 70/126 | loss=0.003865 lr=8.95e-08
  Epoch 45 step 80/126 | loss=0.002934 lr=1.22e-07
  Epoch 45 step 90/126 | loss=0.003487 lr=1.22e-07
  Epoch 45 step 100/126 | loss=0.004065 lr=1.59e-07
  Epoch 45 step 110/126 | loss=0.008207 lr=1.59e-07
  Epoch 45 step 120/126 | loss=0.006138 lr=2.01e-07
Epoch 45 train | loss=0.003891
Epoch 45 val   | loss=0.013474
  Epoch 46 step 10/126 | loss=0.006213 lr=2.48e-07
  Epoch 46 step 20/126 | loss=0.005224 lr=3.01e-07
  Epoch 46 step 30/126 | loss=0.004993 lr=3.01e-07
  Epoch 46 step 40/126 | loss=0.002503 lr=3.58e-07
  Epoch 46 step 50/126 | loss=0.004210 lr=4.20e-07
  Epoch 46 step 60/126 | loss=0.002722 lr=4.20e-07
  Epoch 46 step 70/126 | loss=0.006317 lr=4.87e-07
  Epoch 46 step 80/126 | loss=0.003739 lr=5.58e-07
  Epoch 46 step 90/126 | loss=0.002441 lr=5.58e-07
  Epoch 46 step 100/126 | loss=0.002814 lr=6.35e-07
  Epoch 46 step 110/126 | loss=0.002635 lr=6.35e-07
  Epoch 46 step 120/126 | loss=0.004605 lr=7.17e-07
Epoch 46 train | loss=0.003882
Epoch 46 val   | loss=0.013385
Updated best checkpoint at finetune_japan\checkpoints\run_glia_t2_r2a\best
  Epoch 47 step 10/126 | loss=0.003656 lr=8.04e-07
  Epoch 47 step 20/126 | loss=0.004088 lr=8.95e-07
  Epoch 47 step 30/126 | loss=0.004148 lr=8.95e-07
  Epoch 47 step 40/126 | loss=0.003600 lr=9.91e-07
  Epoch 47 step 50/126 | loss=0.005478 lr=1.09e-06
  Epoch 47 step 60/126 | loss=0.004631 lr=1.09e-06
  Epoch 47 step 70/126 | loss=0.002389 lr=1.20e-06
  Epoch 47 step 80/126 | loss=0.003055 lr=1.31e-06
  Epoch 47 step 90/126 | loss=0.002810 lr=1.31e-06
  Epoch 47 step 100/126 | loss=0.005891 lr=1.43e-06
  Epoch 47 step 110/126 | loss=0.004246 lr=1.43e-06
  Epoch 47 step 120/126 | loss=0.003988 lr=1.55e-06
Epoch 47 train | loss=0.003907
Epoch 47 val   | loss=0.013026
Updated best checkpoint at finetune_japan\checkpoints\run_glia_t2_r2a\best
  Epoch 48 step 10/126 | loss=0.004965 lr=1.67e-06
  Epoch 48 step 20/126 | loss=0.003718 lr=1.80e-06
  Epoch 48 step 30/126 | loss=0.003765 lr=1.80e-06
  Epoch 48 step 40/126 | loss=0.002163 lr=1.94e-06
  Epoch 48 step 50/126 | loss=0.006797 lr=2.08e-06
  Epoch 48 step 60/126 | loss=0.003602 lr=2.08e-06
  Epoch 48 step 70/126 | loss=0.002441 lr=2.22e-06
  Epoch 48 step 80/126 | loss=0.002548 lr=2.37e-06
  Epoch 48 step 90/126 | loss=0.003993 lr=2.37e-06
  Epoch 48 step 100/126 | loss=0.004709 lr=2.52e-06
  Epoch 48 step 110/126 | loss=0.003318 lr=2.52e-06
  Epoch 48 step 120/126 | loss=0.004441 lr=2.68e-06
Epoch 48 train | loss=0.003976
Epoch 48 val   | loss=0.014023
  Epoch 49 step 10/126 | loss=0.002821 lr=2.85e-06
  Epoch 49 step 20/126 | loss=0.002530 lr=3.02e-06
  Epoch 49 step 30/126 | loss=0.002917 lr=3.02e-06
  Epoch 49 step 40/126 | loss=0.002908 lr=3.19e-06
  Epoch 49 step 50/126 | loss=0.005120 lr=3.37e-06
  Epoch 49 step 60/126 | loss=0.002802 lr=3.37e-06
  Epoch 49 step 70/126 | loss=0.003197 lr=3.55e-06
  Epoch 49 step 80/126 | loss=0.003034 lr=3.73e-06
  Epoch 49 step 90/126 | loss=0.002871 lr=3.73e-06
  Epoch 49 step 100/126 | loss=0.004720 lr=3.93e-06
  Epoch 49 step 110/126 | loss=0.004973 lr=3.93e-06
  Epoch 49 step 120/126 | loss=0.004399 lr=4.12e-06
Epoch 49 train | loss=0.003885
Epoch 49 val   | loss=0.013034
  Epoch 50 step 10/126 | loss=0.004526 lr=4.32e-06
  Epoch 50 step 20/126 | loss=0.004722 lr=4.53e-06
  Epoch 50 step 30/126 | loss=0.005591 lr=4.53e-06
  Epoch 50 step 40/126 | loss=0.004863 lr=4.74e-06
  Epoch 50 step 50/126 | loss=0.002792 lr=4.95e-06
  Epoch 50 step 60/126 | loss=0.003217 lr=4.95e-06
  Epoch 50 step 70/126 | loss=0.002369 lr=5.17e-06
  Epoch 50 step 80/126 | loss=0.004158 lr=5.39e-06
  Epoch 50 step 90/126 | loss=0.003949 lr=5.39e-06
  Epoch 50 step 100/126 | loss=0.003777 lr=5.62e-06
  Epoch 50 step 110/126 | loss=0.004306 lr=5.62e-06
  Epoch 50 step 120/126 | loss=0.002574 lr=5.85e-06
Epoch 50 train | loss=0.003816
Epoch 50 val   | loss=0.013724
Saved last checkpoint to finetune_japan\checkpoints\run_glia_t2_r2a\last

Training complete. Best val loss: 0.013026 (epoch 47)
